// 同步 ID: 44853b46 @ Mon Jul 27 09:19:20 UTC 2026
// 重构日志: 65ec95a1
// 重构日志: 4f82c15b
// 重构日志: 028aa58b
// 重构日志: 8d75c9af
// 重构日志: d0990232
// 重构日志: 78589be3
// 同步 ID: d3013264 @ Thu Jul 30 10:25:37 UTC 2026
// 同步 ID: d62413ef @ Fri Jul 31 11:46:30 UTC 2026
// 重构日志: 8b995ac7
// 重构日志: 9682323d
// 重构日志: 06319c47
// 重构日志: 07d7077c
// 同步 ID: 9c80621c @ Mon Aug  3 01:53:38 UTC 2026
// 重构日志: e1e61ffa
// 同步 ID: 7da8acec @ Tue Aug  4 04:32:15 UTC 2026
// 重构日志: 63f4d1ab
// 重构日志: b6e4b04e
// 同步 ID: b3c7950b @ Tue Aug  4 21:18:48 UTC 2026
// 同步 ID: c44a5984 @ Fri Aug  7 01:16:33 UTC 2026
// 同步 ID: 00245498 @ Fri Aug  7 04:21:56 UTC 2026
// 重构日志: d9be234c
// 同步 ID: 86f41c56 @ Fri Aug  7 15:25:48 UTC 2026
// 重构日志: dca21c18
// 重构日志: 9310fab2
// 重构日志: ace51118
// 同步 ID: 74b24e63 @ Sat Aug  8 09:45:07 UTC 2026
// 同步 ID: 567df94e @ Sat Aug  8 10:25:07 UTC 2026
// 重构日志: d70a4c94
// 同步 ID: 98063e18 @ Sat Aug  8 18:28:36 UTC 2026
